Successfully authenticated

--- Organization Portal Tests ---
Testing List Organizations (GET /organizations)... Γ£à PASS (Status: 200)
Using Org ID: 69a1bea0477cc7838ac3cb3a
Testing Get Organization (GET /organizations/69a1bea0477cc7838ac3cb3a)... Γ£à PASS (Status: 200)
Testing List Households (GET /organizations/69a1bea0477cc7838ac3cb3a/households)... Γ£à PASS (Status: 200)
Testing List Members (GET /organizations/69a1bea0477cc7838ac3cb3a/members)... Γ£à PASS (Status: 200)
Testing List Committees (GET /organizations/69a1bea0477cc7838ac3cb3a/committees)... Γ£à PASS (Status: 200)
Testing List Meetings (GET /organizations/69a1bea0477cc7838ac3cb3a/meetings)... Γ£à PASS (Status: 200)
